[download] 0 done · 63 to go · budget 1.20 GB · free 10.78 GB
[download] g10-geography-textbook-p1  (4 MB, edu4mm)
[download] g10-geography-textbook-p2  (8 MB, edu4mm)
[download] g10-geography-textbook-p8  (8 MB, edu4mm)
[download] g10-economics-textbook  (8 MB, edu4mm)
[download] g10-biology-textbook  (8 MB, edu4mm)
[download] g10-english-textbook-p2-en  (9 MB, edu4mm)
[download] g10-english-textbook-p1-en  (9 MB, edu4mm)
[download] g10-geography-textbook-p11  (11 MB, edu4mm)
[download] g10-geography-textbook-p9  (12 MB, edu4mm)
[download] g10-geography-textbook-p10  (12 MB, edu4mm)
[download] g10-geography-textbook-p12  (12 MB, edu4mm)
[download] g10-geography-textbook-p4  (12 MB, edu4mm)
[download] g10-morality-civics-textbook  (12 MB, edu4mm)
[download] g10-geography-textbook-p13  (12 MB, edu4mm)
[download] g10-visual-arts-textbook  (14 MB, edu4mm)
[download] g10-social-studies-textbook-p1  (15 MB, edu4mm)
[download] g10-geography-textbook-p6  (15 MB, edu4mm)
[download] g10-geography-textbook-p5  (16 MB, edu4mm)
[download] g10-myanmar-textbook-p3  (16 MB, edu4mm)
[download] g10-geography-textbook-p7  (17 MB, edu4mm)
[download] g10-history-textbook-p1  (17 MB, edu4mm)
[download] g10-geography-textbook-p14  (17 MB, edu4mm)
[download] g10-life-skills-textbook-p1  (18 MB, edu4mm)
[download] g10-physics-textbook-p2  (18 MB, edu4mm)
[download] g10-myanmar-textbook-p1  (19 MB, edu4mm)
[download] g10-history-textbook-p2  (19 MB, edu4mm)
[download] g10-physics-textbook-p1  (19 MB, edu4mm)
[download] g10-physical-education-textbook-p1  (19 MB, edu4mm)
[download] g10-chemistry-textbook-p2  (20 MB, edu4mm)
[download] g10-chemistry-textbook-p3  (20 MB, edu4mm)
[download] g10-science-textbook  (20 MB, edu4mm)
[download] g10-chemistry-textbook-p1  (20 MB, edu4mm)
[download] g10-life-skills-textbook-p2  (21 MB, edu4mm)
[download] g10-myanmar-textbook-p2  (21 MB, edu4mm)
[download] g10-optional-myanmar-textbook  (21 MB, edu4mm)
[download] g10-geography-textbook-p3  (21 MB, edu4mm)
    … 21 MB
    … 21 MB
[download] g10-mathematics-textbook-p1  (21 MB, edu4mm)
    … 21 MB
    … 21 MB
[download] g10-mathematics-textbook-p2  (23 MB, edu4mm)
    … 21 MB
[download] g10-physical-education-textbook-p2  (25 MB, edu4mm)
    … 21 MB
[download] g10-performing-arts-textbook  (25 MB, edu4mm)
    … 21 MB
[download] g10-social-studies-textbook-p2  (26 MB, edu4mm)
    … 21 MB
[download] g11-optional-myanmar-textbook  (6 MB, edu4mm)
[download] g11-biology-textbook  (18 MB, edu4mm)
[download] g11-chemistry-textbook  (23 MB, edu4mm)
    … 21 MB
[download] g11-mathematics-textbook  (25 MB, edu4mm)
[download] 44 done · 19 to go · budget 1.00 GB · free 11.01 GB
[download] g11-mathematics-textbook  (25 MB, edu4mm)
    … 21 MB
[download] g11-physics-textbook  (30 MB, edu4mm)
    … 21 MB
[download] g11-myanmar-textbook  (30 MB, edu4mm)
    … 21 MB
[download] g11-english-textbook-en  (31 MB, edu4mm)
    … 21 MB
[download] g12-history-textbook-p6  (2 MB, edu4mm)
[download] g12-myanmar-textbook  (4 MB, edu4mm)
[download] g12-geography-textbook  (11 MB, edu4mm)
[download] g12-mathematics-textbook  (13 MB, edu4mm)
[download] g12-chemistry-textbook-nug  (17 MB, edu4mm)
[download] g12-physics-textbook-p2  (18 MB, edu4mm)
[download] g12-biology-textbook  (18 MB, edu4mm)
[download] g12-physics-textbook-p1  (21 MB, edu4mm)
[download] g12-english-textbook-en  (22 MB, edu4mm)
    … 21 MB
[download] g10-physics-workbook  (4 MB, edu4mm)
[download] g10-biology-workbook  (13 MB, edu4mm)
[download] g10-chemistry-workbook  (14 MB, edu4mm)
[download] g11-physics-workbook  (1 MB, edu4mm)
[download] g11-chemistry-workbook  (3 MB, edu4mm)
[download] g11-biology-workbook  (3 MB, edu4mm)
[download] finished: +19 files (0.28 GB) · 0 deferred for budget · 0 errors
[download] 63 done · 231 to go · budget 2.50 GB · free 10.71 GB
[download] gkg-mathematics-textbook-en  (3 MB, edu4mm)
[download] gkg-myanmar-textbook  (6 MB, edu4mm)
[download] gkg-visual-arts-textbook  (13 MB, learnbig)
[download] gkg-mathematics-textbook  (38 MB, learnbig)
    … 21 MB
[download] g1-science-textbook  (7 MB, learnbig)
[download] g1-social-studies-textbook  (8 MB, learnbig)
[download] g1-visual-arts-textbook  (13 MB, edu4mm)
[download] g1-myanmar-textbook  (13 MB, learnbig)
[download] g1-morality-civics-textbook  (15 MB, edu4mm)
[download] g1-physical-education-textbook  (15 MB, edu4mm)
[download] g1-life-skills-textbook  (16 MB, edu4mm)
[download] g1-science-textbook-p9  (17 MB, edu4mm)
[download] g1-performing-arts-textbook  (17 MB, edu4mm)
[download] g1-myanmar-textbook-p1  (18 MB, edu4mm)
[download] g1-social-studies-textbook-p10  (22 MB, edu4mm)
    … 21 MB
[download] g1-english-textbook-en  (24 MB, edu4mm)
    … 21 MB
[download] g1-myanmar-textbook-p2  (25 MB, edu4mm)
    … 21 MB
[download] g1-mathematics-textbook  (25 MB, edu4mm)
    … 21 MB
[download] g2-social-studies-textbook  (12 MB, edu4mm)
[download] g2-performing-arts-textbook  (13 MB, edu4mm)
[download] g2-morality-civics-textbook-p1  (17 MB, edu4mm)
[download] g2-physical-education-textbook  (18 MB, edu4mm)
[download] g2-visual-arts-textbook  (19 MB, edu4mm)
[download] g2-morality-civics-textbook-p2  (19 MB, edu4mm)
[download] g2-science-textbook  (20 MB, edu4mm)
[download] g2-mathematics-textbook-p1  (21 MB, edu4mm)
[download] g2-myanmar-textbook-p1  (21 MB, edu4mm)
[download] g2-life-skills-textbook  (21 MB, edu4mm)
    … 21 MB
[download] g2-mathematics-textbook-p2  (21 MB, edu4mm)
    … 21 MB
[download] g2-myanmar-textbook-p2  (21 MB, edu4mm)
    … 21 MB
[download] g2-english-textbook-en  (24 MB, edu4mm)
    … 21 MB
[download] g2-myanmar-textbook  (29 MB, learnbig)
    … 21 MB
[download] g2-morality-civics-textbook  (47 MB, learnbig)
    … 21 MB
    … 42 MB
[download] g2-mathematics-textbook  (49 MB, learnbig)
    … 21 MB
    … 42 MB
[download] g3-performing-arts-textbook  (10 MB, edu4mm)
[download] g3-physical-education-textbook-p1  (11 MB, edu4mm)
[download] g3-mathematics-textbook-p2  (14 MB, edu4mm)
    ! edu4mm: stalled (262144 bytes in 46s)
[download] g3-mathematics-textbook-p1  (15 MB, edu4mm)
[download] g3-myanmar-textbook-p2  (15 MB, edu4mm)
[download] g3-myanmar-textbook-p1  (15 MB, edu4mm)
[download] g3-english-textbook-en  (16 MB, edu4mm)
[download] g3-performing-arts-textbook-en  (16 MB, learnbig)
[download] g3-life-skills-textbook  (17 MB, edu4mm)
[download] g3-physical-education-textbook-p2  (17 MB, edu4mm)
[download] g3-visual-arts-textbook  (20 MB, edu4mm)
[download] g3-social-studies-textbook  (24 MB, edu4mm)
    … 21 MB
[download] g3-life-skills-textbook-en  (25 MB, learnbig)
    … 21 MB
[download] g3-visual-arts-textbook-en  (26 MB, learnbig)
    … 21 MB
[download] g3-science-textbook  (28 MB, edu4mm)
    … 21 MB
[download] g3-morality-civics-textbook  (29 MB, edu4mm)
    … 21 MB
[download] g3-physical-education-textbook-en  (30 MB, learnbig)
    … 21 MB
[download] g3-morality-civics-textbook-en  (35 MB, learnbig)
    … 21 MB
[download] g3-social-studies-textbook-en  (35 MB, learnbig)
    … 21 MB
[download] g3-science-textbook-en  (35 MB, learnbig)
    … 21 MB
[download] g3-mathematics-textbook  (52 MB, learnbig)
    … 21 MB
    … 42 MB
[download] g3-myanmar-textbook  (54 MB, learnbig)
    … 21 MB
    … 42 MB
[download] g3-mathematics-textbook-en  (70 MB, learnbig)
    … 21 MB
    … 42 MB
    … 63 MB
[download] g3-physical-education-textbook  (73 MB, learnbig)
    … 21 MB
    … 42 MB
    … 63 MB
[download] g4-arts-textbook  (0 MB, bookhub)
[download] g4-geography-history-textbook  (5 MB, learnbig)
[download] g4-morality-civics-textbook  (10 MB, learnbig)
[download] g4-social-studies-textbook  (11 MB, learnbig)
[download] g4-physical-education-textbook  (13 MB, learnbig)
[download] g4-myanmar-textbook-p3  (14 MB, edu4mm)
[download] g4-performing-arts-textbook  (14 MB, edu4mm)
[download] g4-myanmar-textbook-p1  (16 MB, edu4mm)
[download] g4-visual-arts-textbook  (17 MB, edu4mm)
[download] g4-morality-civics-textbook-p1  (17 MB, edu4mm)
[download] g4-morality-civics-textbook-p2  (17 MB, edu4mm)
[download] g4-myanmar-textbook-p2  (17 MB, edu4mm)
[download] g4-science-textbook-p1  (18 MB, edu4mm)
[download] g4-physical-education-textbook-p1  (18 MB, edu4mm)
[download] g4-physical-education-textbook-p2  (19 MB, edu4mm)
[download] g4-science-textbook-p2  (21 MB, edu4mm)
    … 21 MB
[download] g4-science-textbook-p3  (22 MB, edu4mm)
    … 21 MB
[download] g4-english-textbook-en  (22 MB, edu4mm)
    … 21 MB
[download] g4-geography-textbook  (25 MB, edu4mm)
    … 21 MB
[download] g4-mathematics-textbook  (26 MB, edu4mm)
    … 21 MB
[download] g4-life-skills-textbook  (27 MB, edu4mm)
    … 21 MB
[download] g4-myanmar-textbook  (57 MB, learnbig)
    … 21 MB
    … 42 MB
[download] g4-science-textbook  (85 MB, learnbig)
    … 21 MB
    … 42 MB
    … 63 MB
    … 84 MB
